// Jest Snapshot v1, https://goo.gl/fbAQLP

exports[`Sub Subのスナップショット 1`] = `
<DocumentFragment>
  <div
    class="l-page sub"
  >
    <h1>
       のページ
    </h1>
    <p>
      ここへページの内容を表示
    </p>
    <button
      type="button"
    >
      HOMEへ移動
    </button>
    <div>
      <p>
        ダミーテキスト
      </p>
      <input
        type="text"
      />
      <button
        type="button"
      >
        ダミーテキスト更新
      </button>
    </div>
  </div>
</DocumentFragment>
`;
